11-08 21:50:18.012  7417  7512 W Binder  : 	at android.os.Binder.execTransactInternal(Binder.java:1505)
11-08 21:50:18.012  7417  7512 W Binder  : 	at android.os.Binder.execTransact(Binder.java:1444)
11-08 21:50:18.012  7417  7512 W Binder  : Caught a RuntimeException from the binder stub implementation.
11-08 21:50:18.012  7417  7512 W Binder  : java.lang.UnsupportedOperationException
11-08 21:50:18.012  7417  7512 W Binder  : 	at iyi.b(PG:3)
11-08 21:50:18.012  7417  7512 W Binder  : 	at iyi.gt(PG:34)
11-08 21:50:18.012  7417  7512 W Binder  : 	at dsa.onTransact(PG:21)
11-08 21:50:18.012  7417  7512 W Binder  : 	at android.os.Binder.execTransactInternal(Binder.java:1505)
11-08 21:50:18.012  7417  7512 W Binder  : 	at android.os.Binder.execTransact(Binder.java:1444)
11-08 21:50:18.012  7417  7512 W Binder  : Caught a RuntimeException from the binder stub implementation.
11-08 21:50:18.012  7417  7512 W Binder  : java.lang.UnsupportedOperationException
11-08 21:50:18.012  7417  7512 W Binder  : 	at iyi.b(PG:3)
11-08 21:50:18.012  7417  7512 W Binder  : 	at iyi.gt(PG:34)
11-08 21:50:18.012  7417  7512 W Binder  : 	at dsa.onTransact(PG:21)
11-08 21:50:18.012  7417  7512 W Binder  : 	at android.os.Binder.execTransactInternal(Binder.java:1505)
11-08 21:50:18.012  7417  7512 W Binder  : 	at android.os.Binder.execTransact(Binder.java:1444)
11-08 21:50:18.012  7417  7512 W Binder  : Caught a RuntimeException from the binder stub implementation.
11-08 21:50:18.012  7417  7512 W Binder  : java.lang.UnsupportedOperationException
11-08 21:50:18.012  7417  7512 W Binder  : 	at iyi.b(PG:3)
11-08 21:50:18.012  7417  7512 W Binder  : 	at iyi.gt(PG:34)
11-08 21:50:18.012  7417  7512 W Binder  : 	at dsa.onTransact(PG:21)
11-08 21:50:18.012  7417  7512 W Binder  : 	at android.os.Binder.execTransactInternal(Binder.java:1505)
11-08 21:50:18.012  7417  7512 W Binder  : 	at android.os.Binder.execTransact(Binder.java:1444)
11-08 21:50:18.022  1175  1182 W s.nexuslauncher: ApkAssets: Deleting an ApkAssets object '<empty> and /data/app/~~tDQ5t07_o7lQUHHq66SoWQ==/com.google.android.googlequicksearchbox--kKihroOpdpE_laiStpViQ==/base.apk' with 1 weak references
11-08 21:50:18.034  7417  7513 W Binder  : Caught a RuntimeException from the binder stub implementation.
11-08 21:50:18.034  7417  7513 W Binder  : java.lang.UnsupportedOperationException
11-08 21:50:18.034  7417  7513 W Binder  : 	at iyi.b(PG:3)
11-08 21:50:18.034  7417  7513 W Binder  : 	at iyi.gt(PG:34)
11-08 21:50:18.034  7417  7513 W Binder  : 	at dsa.onTransact(PG:21)
11-08 21:50:18.034  7417  7513 W Binder  : 	at android.os.Binder.execTransactInternal(Binder.java:1505)
11-08 21:50:18.034  7417  7513 W Binder  : 	at android.os.Binder.execTransact(Binder.java:1444)
11-08 21:50:18.036  1175  1182 W s.nexuslauncher: ApkAssets: Deleting an ApkAssets object '<empty> and /data/app/~~tDQ5t07_o7lQUHHq66SoWQ==/com.google.android.googlequicksearchbox--kKihroOpdpE_laiStpViQ==/split_config.xxhdpi.apk' with 1 weak references
11-08 21:50:18.039  7417  7417 I HardKeyTracker: HardKeyTracker.registerKeySequence():170 Register key sequence nul{labelResId=2132018771, callback=cth@62dc355, lastModifier=2, keyCodes=[39], actions=[0]}
11-08 21:50:18.042  1175  1182 W s.nexuslauncher: ApkAssets: Deleting an ApkAssets object '<empty> and /data/app/~~tDQ5t07_o7lQUHHq66SoWQ==/com.google.android.googlequicksearchbox--kKihroOpdpE_laiStpViQ==/split_lens_ondevice_engine_play_ml_module.apk' with 1 weak references
11-08 21:50:18.042  7417  7417 I HardKeyTracker: HardKeyTracker.registerKeySequence():170 Register key sequence nul{labelResId=2132020469, callback=cth@e0ffd37, lastModifier=65536, keyCodes=[76], actions=[0]}
11-08 21:50:18.042  7417  7417 I PkDeviceHelper: PkDeviceHelper.refreshDevices():93 refreshing devices
11-08 21:50:18.042  1175  1182 W System  : A resource failed to call release.
11-08 21:50:18.042  1175  1182 W System  : A resource failed to call release.
11-08 21:50:18.042  1175  1182 W System  : A resource failed to call release.
11-08 21:50:18.042  7417  7417 I PkDeviceHelper: PkDeviceHelper.addDevice():133 device qwerty2 added
11-08 21:50:18.043  7417  7417 I KeyboardContextProvider: KeyboardContextProvider$KeyboardContextCache.createKeyboardContext():173 createKeyboardContext(): en-US, lew@18c080d(com.android.inputmethod.latin.LatinIME@1f710d4), {1.0 310mcc260mnc [en_US] ldltr sw427dp w427dp h952dp 480dpi nrml long port finger qwerty/v/v dpad/v winConfig={ mBounds=Rect(0, 0 - 1280, 2856) mAppBounds=Rect(0, 0 - 1280, 2856) mMaxBounds=Rect(0, 0 - 1280, 2856) mDisplayRotation=ROTATION_0 mWindowingMode=fullscreen mActivityType=undefined mAlwaysOnTop=undefined mRotation=ROTATION_0} as.3 s.62 fontWeightAdjustment=0}
11-08 21:50:18.045  1086  1086 D BoundBrokerSvc: onRebind: Intent { act=com.google.android.gms.common.telemetry.service.START dat=chimera-action:/... cmp=com.google.android.gms/.chimera.PersistentApiService }
11-08 21:50:18.046  7417  7489 W Binder  : Caught a RuntimeException from the binder stub implementation.
11-08 21:50:18.046  7417  7489 W Binder  : java.lang.UnsupportedOperationException
11-08 21:50:18.046  7417  7489 W Binder  : 	at iyi.b(PG:3)
11-08 21:50:18.046  7417  7489 W Binder  : 	at iyi.gt(PG:34)
11-08 21:50:18.046  7417  7489 W Binder  : 	at dsa.onTransact(PG:21)
11-08 21:50:18.046  7417  7489 W Binder  : 	at android.os.Binder.execTransactInternal(Binder.java:1505)
11-08 21:50:18.046  7417  7489 W Binder  : 	at android.os.Binder.execTransact(Binder.java:1444)
11-08 21:50:18.048  1175  1175 D StatsLog: LAUNCHER_ALLAPPS_COUNT
11-08 21:50:18.055  7417  7429 W Binder  : Caught a RuntimeException from the binder stub implementation.
11-08 21:50:18.055  7417  7429 W Binder  : java.lang.UnsupportedOperationException
11-08 21:50:18.055  7417  7429 W Binder  : 	at iyi.b(PG:3)
11-08 21:50:18.055  7417  7429 W Binder  : 	at iyi.gt(PG:34)
11-08 21:50:18.055  7417  7429 W Binder  : 	at dsa.onTransact(PG:21)
11-08 21:50:18.055  7417  7429 W Binder  : 	at android.os.Binder.execTransactInternal(Binder.java:1505)
11-08 21:50:18.055  7417  7429 W Binder  : 	at android.os.Binder.execTransact(Binder.java:1444)
11-08 21:50:18.056  7417  7490 I DownloadManager: DownloadManager$4.onSuccess():572 download for __KLP_manifest_delight__en-840 is finished with files # pyf@4b6e7b1e
11-08 21:50:18.059  7417  7475 I ManifestedDataDownloader: ManifestedDataDownloader.checkVersionAndDownload():98 filegroup __KLP_delight__en-840 with version 2025092900 is already downloaded
11-08 21:50:18.074   595  1711 D ConnectivityService: requestNetwork for uid/pid:10156/7417 activeRequest: null callbackRequest: 251 [NetworkRequest [ REQUEST id=252, [ Capabilities: INTERNET&NOT_RESTRICTED&TRUSTED&NOT_VCN_MANAGED&NOT_BANDWIDTH_CONSTRAINED Uid: 10156 RequestorUid: 10156 RequestorPkg: com.google.android.inputmethod.latin UnderlyingNetworks: Null] ]] callback flags: 0 order: 2147483647 isUidTracked: false declaredMethods: AVAIL|LOST|NC|LP
11-08 21:50:18.081  7417  7417 I AccessPointsListHolderController: AccessPointsListHolderController.removeAccessPoint():581 The access point settings is not added
11-08 21:50:18.081  7417  7417 I HardKeyTracker: HardKeyTracker.registerKeySequence():170 Register key sequence nul{labelResId=2132020468, callback=cth@b44ee9, lastModifier=2, keyCodes=[37], actions=[0]}
11-08 21:50:18.081  7417  7417 I AccessPointsListHolderController: AccessPointsListHolderController.removeAccessPoint():581 The access point textediting is not added
11-08 21:50:18.081  7417  7417 I AccessPointsListHolderController: AccessPointsListHolderController.removeAccessPoint():581 The access point theme_setting is not added
11-08 21:50:18.081  7417  7417 I HardKeyTracker: HardKeyTracker.unregisterKeySequence():221 Unregister key sequence nul{labelResId=2132020469, callback=cth@e0ffd37, lastModifier=65536, keyCodes=[76], actions=[0]}
11-08 21:50:18.081  7417  7417 I HardKeyTracker: HardKeyTracker.registerKeySequence():170 Register key sequence nul{labelResId=2132020469, callback=cth@6ba9e0f, lastModifier=65536, keyCodes=[76], actions=[0]}
11-08 21:50:18.081  7417  7417 I HardKeyTracker: HardKeyTracker.registerKeySequence():170 Register key sequence nul{labelResId=2132020466, callback=cth@cf9f0a5, lastModifier=2, keyCodes=[56], actions=[0]}
11-08 21:50:18.081  7417  7417 I HardKeyTracker: HardKeyTracker.registerKeySequence():170 Register key sequence nul{labelResId=2132020466, callback=cth@25bec7a, lastModifier=0, keyCodes=[317], actions=[0]}
11-08 21:50:18.082  7417  7417 I AccessPointsListHolderController: AccessPointsListHolderController.removeAccessPoint():581 The access point share is not added
11-08 21:50:18.082  7417  7474 I KeyboardGroupDefParser: KeyboardGroupDefParser.parseKeyboardGroupDef():86 parseKeyboardGroupDef() 2132213994 -> 0_resource_name_obfuscated : WaitTime = 8 ms : RunTime = 83 ms
11-08 21:50:18.087  7417  7474 I KeyboardGroupDefParser: KeyboardGroupDefParser.parseKeyboardGroupDef():86 parseKeyboardGroupDef() 2132213995 -> 0_resource_name_obfuscated : WaitTime = 91 ms : RunTime = 6 ms
11-08 21:50:18.089   595   773 D ConnectivityService: NetReassign [252 : null  100] [c 0] [a 8] [i 0]
11-08 21:50:18.090  7417  7417 W NotificationCenter: NotificationCenter$NotificationQueue.notifyPendingNotificationsOnExecutor():877 Heavy notify work detected on UI thread: [kgz->nhv, kgz->nhv, kgz->nhv, kgz->nhv, kgz->nhv, kgz->nhv, kgz->nhv, kgz->nhv, kgz->nhv, neb->nea, nvz->nhv, neb->nea, nvz->nhv, neb->nea, nvz->nhv, neb->nea, nvz->nhv, neb->nea, nvz->nhv, neb->nea, khe->gyg, khe->gyg, khe->gyg, khe->gyg, nvz->nhv, mef->keb, mev->met, mgy->nyk, neb->nea, neb->nea, neb->nea, neb->nea, nvz->nhv, neb->nea, neb->nea, neb->nea, neb->nea, neb->nea, neb->nea, nvz->nhv, neb->nea, khg->gyg, khe->gyg, khe->gyg, khg->gyg, khg->gyg, khe->gyg, khe->gyg, khe->gyg, khg->gyg] takes 133ms
11-08 21:50:18.102   595   765 D WifiNetworkFactory: got request NetworkRequest [ REQUEST id=252, [ Capabilities: INTERNET&NOT_RESTRICTED&TRUSTED&NOT_VCN_MANAGED&NOT_BANDWIDTH_CONSTRAINED Uid: 10156 RequestorUid: 10156 RequestorPkg: com.google.android.inputmethod.latin UnderlyingNetworks: Null] ]
11-08 21:50:18.102   595   765 D UntrustedWifiNetworkFactory: got request NetworkRequest [ REQUEST id=252, [ Capabilities: INTERNET&NOT_RESTRICTED&TRUSTED&NOT_VCN_MANAGED&NOT_BANDWIDTH_CONSTRAINED Uid: 10156 RequestorUid: 10156 RequestorPkg: com.google.android.inputmethod.latin UnderlyingNetworks: Null] ]
11-08 21:50:18.102   595   765 D OemPaidWifiNetworkFactory: got request NetworkRequest [ REQUEST id=252, [ Capabilities: INTERNET&NOT_RESTRICTED&TRUSTED&NOT_VCN_MANAGED&NOT_BANDWIDTH_CONSTRAINED Uid: 10156 RequestorUid: 10156 RequestorPkg: com.google.android.inputmethod.latin UnderlyingNetworks: Null] ]
11-08 21:50:18.103   595   765 D MultiInternetWifiNetworkFactory: got request NetworkRequest [ REQUEST id=252, [ Capabilities: INTERNET&NOT_RESTRICTED&TRUSTED&NOT_VCN_MANAGED&NOT_BANDWIDTH_CONSTRAINED Uid: 10156 RequestorUid: 10156 RequestorPkg: com.google.android.inputmethod.latin UnderlyingNetworks: Null] ]
11-08 21:50:18.105   595   773 D ConnectivityService: NetReassign [no changes] [c 0] [a 1] [i 0]
11-08 21:50:18.106  7417  7512 W Binder  : Caught a RuntimeException from the binder stub implementation.
11-08 21:50:18.106  7417  7512 W Binder  : java.lang.UnsupportedOperationException
11-08 21:50:18.106  7417  7512 W Binder  : 	at iyi.b(PG:3)
11-08 21:50:18.106  7417  7512 W Binder  : 	at iyi.gt(PG:34)
11-08 21:50:18.106  7417  7512 W Binder  : 	at dsa.onTransact(PG:21)
11-08 21:50:18.106  7417  7512 W Binder  : 	at android.os.Binder.execTransactInternal(Binder.java:1505)
11-08 21:50:18.106  7417  7512 W Binder  : 	at android.os.Binder.execTransact(Binder.java:1444)
11-08 21:50:18.108  7417  7479 E HandwritingSuperpacksUtil: HandwritingSuperpacksUtil.getPackMappingPackName():42 No pack mapping pack found in []
11-08 21:50:18.108  7417  7479 I HandwritingSuperpacks: HandwritingSuperpacks.reloadCache():229 updatePackMappingsCache(): pack mapping pack unavailable [OFFLINE]
11-08 21:50:18.108  7417  7472 I DelightKLPDownloader: DelightKLPDownloader$2.onSuccess():233 klp en_840 downloaded with version 2025092900
11-08 21:50:18.110  7388  7388 D VRI[ComponentActivity]: visibilityChanged oldVisibility=true newVisibility=false
11-08 21:50:18.116  7388  7388 D LifecycleMonitor: Lifecycle status change: androidx.activity.ComponentActivity@a3350bd in: STOPPED
11-08 21:50:18.116  7388  7388 V ActivityScenario: Update currentActivityStage to STOPPED, currentActivity=androidx.activity.ComponentActivity@a3350bd
11-08 21:50:18.133  1388  1670 I AiAiEcho: Predicting[0]:  [CONTEXT sampling_count=5 ]
11-08 21:50:18.134  1388  1670 I AiAiEcho: EchoTargets:
11-08 21:50:18.134  1388  1670 I AiAiEcho: Filtered by AiAi flag check:
11-08 21:50:18.134  1388  1670 I AiAiEcho: [CONTEXT ratelimit_period="10 SECONDS" ]
11-08 21:50:18.134  1388  1670 I AiAiEcho: Ranked targets strategy: SORT, count: 0, ranking metadata:  [CONTEXT ratelimit_period="10 SECONDS" ]
11-08 21:50:18.135  1388  1670 I AiAiEcho: #remoteViewsTwiddler: feature disabled.
11-08 21:50:18.138  1388  1670 I AiAiEcho: #postPredictionTargets: Sending updates to UISurface home with targets# 0 (types=[])
11-08 21:50:18.138  1175  1503 D EGL_emulation: app_time_stats: avg=116.64ms min=0.58ms max=1668.88ms count=20
11-08 21:50:18.148  7388  7388 D LifecycleMonitor: Lifecycle status change: androidx.activity.ComponentActivity@a3350bd in: DESTROYED
11-08 21:50:18.149  7388  7388 V ActivityScenario: Update currentActivityStage to DESTROYED, currentActivity=null
11-08 21:50:18.149  7388  7388 W WindowOnBackDispatcher: sendCancelIfRunning: isInProgress=false callback=android.view.ViewRootImpl$$ExternalSyntheticLambda11@a49a8f1
11-08 21:50:18.161  7388  7405 D IdlingRegistry: Unregistering idling resources: [androidx.compose.ui.test.EspressoLink@7552e49]
11-08 21:50:18.168   595   857 W InputManager-JNI: Input channel object '45113a3 com.vivekgupta.tutor/androidx.activity.ComponentActivity (client)' was disposed without first being removed with the input manager!
11-08 21:50:18.174  7417  7476 I cn_CronetLibraryLoader: Cronet version: 142.0.7432.0, arch: aarch64
11-08 21:50:18.174  7417  7417 I GoogleInputMethodService: GoogleInputMethodService$GoogleInputMethodImpl.attachToken():2701
11-08 21:50:18.175  7388  7405 I TestRunner: finished: coachMessage_respectsForcedAlignment(com.vivekgupta.composecoachmark.coachmark.core.CoachMessageLayoutUITest)
